// Vitest Snapshot v1

exports[`mount component 1`] = `
"<div>Count : 9</div>
<div>DoubleCount : 18</div>
<button>increment</button>
<button>decrement</button>
<!--v-if-->"
`;
